    Finished `bench` profile [optimized] target(s) in 0.05s
     Running benches/java_scanner_bench.rs (target/release/deps/java_scanner_bench-084c548feeffb484)
Gnuplot not found, using plotters backend
Benchmarking java_scanner/document
Benchmarking java_scanner/document: Warming up for 1.0000 s

Warning: Unable to complete 30 samples in 3.0s. You may wish to increase target time to 5.7s, enable flat sampling, or reduce sample count to 10.
Benchmarking java_scanner/document: Collecting 30 samples in estimated 5.6617 s (465 iterations)
Benchmarking java_scanner/document: Analyzing
java_scanner/document   time:   [12.130 ms 12.156 ms 12.184 ms]
                        thrpt:  [321.74 Kelem/s 322.47 Kelem/s 323.18 Kelem/s]
Found 3 outliers among 30 measurements (10.00%)
  2 (6.67%) low mild
  1 (3.33%) high mild
Benchmarking java_scanner/group_15
Benchmarking java_scanner/group_15: Warming up for 1.0000 s
Benchmarking java_scanner/group_15: Collecting 30 samples in estimated 4.2003 s (1395 iterations)
Benchmarking java_scanner/group_15: Analyzing
java_scanner/group_15   time:   [2.9780 ms 2.9850 ms 2.9902 ms]
                        thrpt:  [197.98 Kelem/s 198.33 Kelem/s 198.79 Kelem/s]
Benchmarking java_scanner/group_19
Benchmarking java_scanner/group_19: Warming up for 1.0000 s
Benchmarking java_scanner/group_19: Collecting 30 samples in estimated 4.0536 s (1395 iterations)
Benchmarking java_scanner/group_19: Analyzing
java_scanner/group_19   time:   [2.8795 ms 2.8830 ms 2.8876 ms]
                        thrpt:  [232.72 Kelem/s 233.09 Kelem/s 233.38 Kelem/s]
Found 1 outliers among 30 measurements (3.33%)
  1 (3.33%) low mild
Benchmarking java_scanner/group_5
Benchmarking java_scanner/group_5: Warming up for 1.0000 s
Benchmarking java_scanner/group_5: Collecting 30 samples in estimated 3.4086 s (1395 iterations)
Benchmarking java_scanner/group_5: Analyzing
java_scanner/group_5    time:   [2.4144 ms 2.4176 ms 2.4209 ms]
                        thrpt:  [52.873 Kelem/s 52.944 Kelem/s 53.016 Kelem/s]
Benchmarking java_scanner/group_22
Benchmarking java_scanner/group_22: Warming up for 1.0000 s
Benchmarking java_scanner/group_22: Collecting 30 samples in estimated 3.0530 s (3255 iterations)
Benchmarking java_scanner/group_22: Analyzing
java_scanner/group_22   time:   [902.57 µs 904.89 µs 908.21 µs]
                        thrpt:  [440.43 Kelem/s 442.04 Kelem/s 443.18 Kelem/s]
Benchmarking java_scanner/group_7
Benchmarking java_scanner/group_7: Warming up for 1.0000 s
Benchmarking java_scanner/group_7: Collecting 30 samples in estimated 3.0174 s (2790 iterations)
Benchmarking java_scanner/group_7: Analyzing
java_scanner/group_7    time:   [1.0602 ms 1.0656 ms 1.0710 ms]
                        thrpt:  [89.639 Kelem/s 90.086 Kelem/s 90.552 Kelem/s]
Benchmarking java_scanner/group_17
Benchmarking java_scanner/group_17: Warming up for 1.0000 s
Benchmarking java_scanner/group_17: Collecting 30 samples in estimated 3.0627 s (10k iterations)
Benchmarking java_scanner/group_17: Analyzing
java_scanner/group_17   time:   [278.34 µs 278.92 µs 279.53 µs]
                        thrpt:  [973.08 Kelem/s 975.20 Kelem/s 977.24 Kelem/s]
Found 1 outliers among 30 measurements (3.33%)
  1 (3.33%) low mild

