   Compiling ferroni v1.7.0 (/private/tmp/ferroni-java-run-skips)
    Finished `bench` profile [optimized] target(s) in 6.43s
     Running benches/scanner_compile_bench.rs (target/release/deps/scanner_compile_bench-fdda32b449d7be3f)
Gnuplot not found, using plotters backend
Benchmarking scanner_compile_and_drop/cpp
Benchmarking scanner_compile_and_drop/cpp: Warming up for 1.0000 s

Warning: Unable to complete 30 samples in 3.0s. You may wish to increase target time to 7.2s, or reduce sample count to 10.
Benchmarking scanner_compile_and_drop/cpp: Collecting 30 samples in estimated 7.1631 s (30 iterations)
Benchmarking scanner_compile_and_drop/cpp: Analyzing
scanner_compile_and_drop/cpp
                        time:   [234.64 ms 235.13 ms 235.66 ms]
                        thrpt:  [17.084 Kelem/s 17.122 Kelem/s 17.158 Kelem/s]
Found 2 outliers among 30 measurements (6.67%)
  2 (6.67%) high mild
Benchmarking scanner_compile_and_drop/scss
Benchmarking scanner_compile_and_drop/scss: Warming up for 1.0000 s
Benchmarking scanner_compile_and_drop/scss: Collecting 30 samples in estimated 3.2983 s (60 iterations)
Benchmarking scanner_compile_and_drop/scss: Analyzing
scanner_compile_and_drop/scss
                        time:   [54.958 ms 55.121 ms 55.316 ms]
                        thrpt:  [10.847 Kelem/s 10.885 Kelem/s 10.917 Kelem/s]
Found 1 outliers among 30 measurements (3.33%)
  1 (3.33%) high severe

