    Finished `bench` profile [optimized] target(s) in 0.05s
     Running benches/scanner_compile_bench.rs (target/release/deps/scanner_compile_bench-fdda32b449d7be3f)
Gnuplot not found, using plotters backend
Benchmarking scanner_compile_and_drop/cpp
Benchmarking scanner_compile_and_drop/cpp: Warming up for 1.0000 s

Warning: Unable to complete 30 samples in 3.0s. You may wish to increase target time to 7.4s, or reduce sample count to 10.
Benchmarking scanner_compile_and_drop/cpp: Collecting 30 samples in estimated 7.4267 s (30 iterations)
Benchmarking scanner_compile_and_drop/cpp: Analyzing
scanner_compile_and_drop/cpp
                        time:   [236.08 ms 236.84 ms 237.73 ms]
                        thrpt:  [16.935 Kelem/s 16.999 Kelem/s 17.054 Kelem/s]
Found 1 outliers among 30 measurements (3.33%)
  1 (3.33%) high severe
Benchmarking scanner_compile_and_drop/scss
Benchmarking scanner_compile_and_drop/scss: Warming up for 1.0000 s
Benchmarking scanner_compile_and_drop/scss: Collecting 30 samples in estimated 3.3260 s (60 iterations)
Benchmarking scanner_compile_and_drop/scss: Analyzing
scanner_compile_and_drop/scss
                        time:   [55.785 ms 56.070 ms 56.347 ms]
                        thrpt:  [10.648 Kelem/s 10.701 Kelem/s 10.756 Kelem/s]

