   Compiling ferroni v1.7.0 (/private/tmp/ferroni-scss-analysis)
    Finished `bench` profile [optimized] target(s) in 6.26s
     Running benches/scanner_compile_bench.rs (target/release/deps/scanner_compile_bench-fdda32b449d7be3f)
Gnuplot not found, using plotters backend
Benchmarking scanner_compile_and_drop/cpp
Benchmarking scanner_compile_and_drop/cpp: Warming up for 1.0000 s

Warning: Unable to complete 30 samples in 3.0s. You may wish to increase target time to 7.4s, or reduce sample count to 10.
Benchmarking scanner_compile_and_drop/cpp: Collecting 30 samples in estimated 7.3808 s (30 iterations)
Benchmarking scanner_compile_and_drop/cpp: Analyzing
scanner_compile_and_drop/cpp
                        time:   [236.98 ms 237.75 ms 238.58 ms]
                        thrpt:  [16.875 Kelem/s 16.933 Kelem/s 16.989 Kelem/s]
Found 1 outliers among 30 measurements (3.33%)
  1 (3.33%) high mild
Benchmarking scanner_compile_and_drop/scss
Benchmarking scanner_compile_and_drop/scss: Warming up for 1.0000 s
Benchmarking scanner_compile_and_drop/scss: Collecting 30 samples in estimated 3.4028 s (60 iterations)
Benchmarking scanner_compile_and_drop/scss: Analyzing
scanner_compile_and_drop/scss
                        time:   [55.551 ms 55.837 ms 56.135 ms]
                        thrpt:  [10.689 Kelem/s 10.746 Kelem/s 10.801 Kelem/s]

